<html>
<body>
<pre>
<h1>µVision Build Log</h1>
<h2>Tool Versions:</h2>
IDE-Version: ¦ÌVision V5.22.0.0
Copyright (C) 2016 ARM Ltd and ARM Germany GmbH. All rights reserved.
License Information: xiao snake, s, LIC=IK19U-SYS7K-DX6U3-ABNUM-PE1BG-4QH7L
 
Tool Versions:
Toolchain:       MDK-ARM Plus  Version: 5.22
Toolchain Path:  D:\Keil\ARM\ARMCC\Bin
C Compiler:      Armcc.exe V5.06 update 4 (build 422)
Assembler:       Armasm.exe V5.06 update 4 (build 422)
Linker/Locator:  ArmLink.exe V5.06 update 4 (build 422)
Library Manager: ArmAr.exe V5.06 update 4 (build 422)
Hex Converter:   FromElf.exe V5.06 update 4 (build 422)
CPU DLL:         SARMCM3.DLL V5.22
Dialog DLL:      DARMSTM.DLL V1.67.0.0
Target DLL:      STLink\ST-LINKIII-KEIL_SWO.dll V2.0.18.0
Dialog DLL:      TARMSTM.DLL V1.66.0.0
 
<h2>Project:</h2>
E:\00_snake.xiao\Star_LoRa-Iot\bsp\stm32f10x\project.uvprojx
Project File Date:  01/07/2019

<h2>Output:</h2>
*** Using Compiler 'V5.06 update 4 (build 422)', folder: 'D:\Keil\ARM\ARMCC\Bin'
Build target 'rtthread-stm32'
compiling kservice.c...
linking...
Program Size: Code=79452 RO-data=9552 RW-data=720 ZI-data=4744  
FromELF: creating hex file...
After Build - User command #1: fromelf --bin .\build\rtthread-stm32.axf --output rtthread.bin
".\build\rtthread-stm32.axf" - 0 Error(s), 0 Warning(s).

<h2>Collection of Component include folders:</h2>
  E:\00_snake.xiao\Star_LoRa-Iot\bsp\stm32f10x\RTE\_rtthread-stm32
  D:\Keil\ARM\PACK\Keil\STM32F1xx_DFP\2.3.0\Device\Include

<h2>Collection of Component Files used:</h2>
Build Time Elapsed:  00:00:01
</pre>
</body>
</html>
