<html>
<body>
<pre>
<h1>µVision Build Log</h1>
<h2>Tool Versions:</h2>
IDE-Version: ¦ÌVision V5.22.0.0
Copyright (C) 2016 ARM Ltd and ARM Germany GmbH. All rights reserved.
License Information: xiao snake, s, LIC=IK19U-SYS7K-DX6U3-ABNUM-PE1BG-4QH7L
 
Tool Versions:
Toolchain:       MDK-ARM Plus  Version: 5.22
Toolchain Path:  D:\Keil\ARM\ARMCC\Bin
C Compiler:      Armcc.exe V5.06 update 4 (build 422)
Assembler:       Armasm.exe V5.06 update 4 (build 422)
Linker/Locator:  ArmLink.exe V5.06 update 4 (build 422)
Library Manager: ArmAr.exe V5.06 update 4 (build 422)
Hex Converter:   FromElf.exe V5.06 update 4 (build 422)
CPU DLL:         SARMCM3.DLL V5.22
Dialog DLL:      DARMSTM.DLL V1.67.0.0
Target DLL:      Segger\JL2CM3.dll V2.99.23.0
Dialog DLL:      TARMSTM.DLL V1.66.0.0
 
<h2>Project:</h2>
E:\00_snake.xiao\Star_LoRa-Iot\bsp\stm32f10x\project.uvprojx
Project File Date:  01/05/2019

<h2>Output:</h2>
*** Using Compiler 'V5.06 update 4 (build 422)', folder: 'D:\Keil\ARM\ARMCC\Bin'
Rebuild target 'rtthread-stm32'
compiling startup.c...
compiling board.c...
compiling application.c...
compiling stm32f10x_it.c...
compiling led.c...
compiling usart.c...
compiling i2c.c...
compiling gpio.c...
compiling spi1_init.c...
drivers\spi1_init.c(17): warning:  #177-D: function "SPI1_RccConfiguration"  was declared but never referenced
  static void SPI1_RccConfiguration(void)
drivers\spi1_init.c(25): warning:  #177-D: function "SPI1_GpioConfiguration_Master"  was declared but never referenced
  static void SPI1_GpioConfiguration_Master(void)
drivers\spi1_init.c(50): warning:  #177-D: function "SPI1_GpioConfiguration_Slave"  was declared but never referenced
  static void SPI1_GpioConfiguration_Slave(void)
drivers\spi1_init.c(76): warning:  #177-D: function "SPI1_SetMode"  was declared but never referenced
  static void SPI1_SetMode(Enum_SpiModeType mode)
drivers\spi1_init.c: 4 warnings, 0 errors
compiling system_stm32f10x.c...
compiling stm32f10x_crc.c...
compiling stm32f10x_rcc.c...
compiling stm32f10x_pwr.c...
compiling stm32f10x_wwdg.c...
compiling stm32f10x_exti.c...
compiling stm32f10x_bkp.c...
compiling stm32f10x_i2c.c...
compiling stm32f10x_adc.c...
compiling stm32f10x_dac.c...
compiling stm32f10x_rtc.c...
compiling stm32f10x_fsmc.c...
compiling stm32f10x_spi.c...
compiling stm32f10x_iwdg.c...
compiling stm32f10x_tim.c...
compiling stm32f10x_sdio.c...
compiling stm32f10x_flash.c...
compiling stm32f10x_gpio.c...
compiling stm32f10x_dbgmcu.c...
compiling stm32f10x_usart.c...
compiling stm32f10x_dma.c...
compiling stm32f10x_can.c...
compiling stm32f10x_cec.c...
compiling misc.c...
assembling startup_stm32f10x_hd.s...
compiling i2c_aht10_sample.c...
compiling pin_beep_sample.c...
compiling uart_sample.c...
compiling spi_w25q_sample.c...
compiling clock.c...
compiling cpu.c...
compiling components.c...
compiling device.c...
compiling idle.c...
compiling irq.c...
compiling ipc.c...
compiling kservice.c...
compiling mem.c...
compiling mempool.c...
compiling object.c...
compiling scheduler.c...
compiling signal.c...
compiling thread.c...
compiling timer.c...
compiling cpuport.c...
assembling context_rvds.S...
compiling backtrace.c...
compiling div0.c...
compiling showmem.c...
compiling i2c_core.c...
compiling i2c_dev.c...
compiling i2c-bit-ops.c...
compiling pin.c...
compiling serial.c...
compiling spi_core.c...
compiling spi_dev.c...
compiling spi_flash_w25qxx.c...
compiling completion.c...
compiling dataqueue.c...
compiling pipe.c...
compiling ringblk_buf.c...
compiling ringbuffer.c...
compiling waitqueue.c...
compiling workqueue.c...
compiling shell.c...
compiling symbol.c...
compiling cmd.c...
compiling msh_cmd.c...
compiling msh.c...
compiling msh_file.c...
compiling finsh_error.c...
compiling finsh_compiler.c...
compiling finsh_heap.c...
compiling finsh_init.c...
compiling finsh_node.c...
compiling finsh_ops.c...
compiling finsh_parser.c...
compiling finsh_var.c...
compiling finsh_vm.c...
compiling libc.c...
compiling finsh_token.c...
compiling mem_std.c...
compiling time.c...
compiling stubs.c...
compiling gmtime_r.c...
linking...
Program Size: Code=77936 RO-data=9252 RW-data=704 ZI-data=4552  
After Build - User command #1: fromelf --bin .\build\rtthread-stm32.axf --output rtthread.bin
".\build\rtthread-stm32.axf" - 0 Error(s), 4 Warning(s).

<h2>Collection of Component include folders:</h2>
  E:\00_snake.xiao\Star_LoRa-Iot\bsp\stm32f10x\RTE\_rtthread-stm32
  D:\Keil\ARM\PACK\Keil\STM32F1xx_DFP\2.3.0\Device\Include

<h2>Collection of Component Files used:</h2>
Build Time Elapsed:  00:00:12
</pre>
</body>
</html>
